// Jest Snapshot v1, https://goo.gl/fbAQLP

exports[`Modal renders as expected 1`] = `
<styled.div>
  <styled.div
    aria-label="Rate Hundred5"
    aria-modal="true"
  >
    <styled.span
      onClick={[Function]}
    >
      <ModalCloseBtn />
    </styled.span>
    <styled.div
      id="rate-modal-question"
    >
      How likely are you to recommend 
      <strong>
        Hunderd5
      </strong>
       to a friend or colleague?
    </styled.div>
    <styled.div>
      <Connect(Rate) />
    </styled.div>
  </styled.div>
</styled.div>
`;
